// Jest Snapshot v1, https://goo.gl/fbAQLP

exports[`test TableElement  sanpshot with values length of 4 1`] = `
<div
  className="MuiPaper-root MuiPaper-elevation1 MuiPaper-rounded"
  style={
    Object {
      "width": "100%",
    }
  }
>
  <div
    className="MuiTableContainer-root"
    style={
      Object {
        "maxHeight": 500,
      }
    }
  >
    <table
      aria-label="sticky table"
      className="MuiTable-root MuiTable-stickyHeader"
      role={null}
    >
      <thead
        className="MuiTableHead-root"
        role={null}
      >
        <tr
          className="MuiTableRow-root MuiTableRow-head"
          role={null}
        >
          <th
            aria-sort={null}
            className="MuiTableCell-root MuiTableCell-head MuiTableCell-stickyHeader"
            scope="col"
            style={
              Object {
                "minWidth": 150,
              }
            }
          >
            ID
          </th>
          <th
            aria-sort={null}
            className="MuiTableCell-root MuiTableCell-head MuiTableCell-stickyHeader"
            scope="col"
            style={
              Object {
                "minWidth": 200,
              }
            }
          >
            Name
          </th>
          <th
            aria-sort={null}
            className="MuiTableCell-root MuiTableCell-head MuiTableCell-stickyHeader"
            scope="col"
            style={
              Object {
                "minWidth": 150,
              }
            }
          >
            Manufacturer
          </th>
          <th
            aria-sort={null}
            className="MuiTableCell-root MuiTableCell-head MuiTableCell-stickyHeader"
            scope="col"
            style={
              Object {
                "minWidth": 50,
              }
            }
          >
            Price
          </th>
          <th
            aria-sort={null}
            className="MuiTableCell-root MuiTableCell-head MuiTableCell-stickyHeader"
            scope="col"
            style={
              Object {
                "minWidth": 100,
              }
            }
          >
            Color
          </th>
          <th
            aria-sort={null}
            className="MuiTableCell-root MuiTableCell-head MuiTableCell-stickyHeader"
            scope="col"
            style={
              Object {
                "minWidth": 50,
              }
            }
          >
            Availability
          </th>
        </tr>
      </thead>
      <tbody
        className="MuiTableBody-root"
        role={null}
      >
        <tr
          className="MuiTableRow-root MuiTableRow-hover"
          role="checkbox"
          tabIndex={-1}
        >
          <td
            aria-sort={null}
            className="MuiTableCell-root MuiTableCell-body"
            style={
              Object {
                "minWidth": 150,
              }
            }
          >
            0
          </td>
          <td
            aria-sort={null}
            className="MuiTableCell-root MuiTableCell-body"
            style={
              Object {
                "minWidth": 200,
              }
            }
          >
            nm-a
          </td>
          <td
            aria-sort={null}
            className="MuiTableCell-root MuiTableCell-body"
            style={
              Object {
                "minWidth": 150,
              }
            }
          >
            mn-a
          </td>
          <td
            aria-sort={null}
            className="MuiTableCell-root MuiTableCell-body"
            style={
              Object {
                "minWidth": 50,
              }
            }
          >
            762$
          </td>
          <td
            aria-sort={null}
            className="MuiTableCell-root MuiTableCell-body"
            style={
              Object {
                "minWidth": 100,
              }
            }
          >
            cl-a
          </td>
          <td
            aria-sort={null}
            className="MuiTableCell-root MuiTableCell-body"
            style={
              Object {
                "minWidth": 50,
              }
            }
          >
            av-a
          </td>
        </tr>
        <tr
          className="MuiTableRow-root MuiTableRow-hover"
          role="checkbox"
          tabIndex={-1}
        >
          <td
            aria-sort={null}
            className="MuiTableCell-root MuiTableCell-body"
            style={
              Object {
                "minWidth": 150,
              }
            }
          >
            1
          </td>
          <td
            aria-sort={null}
            className="MuiTableCell-root MuiTableCell-body"
            style={
              Object {
                "minWidth": 200,
              }
            }
          >
            nm-b
          </td>
          <td
            aria-sort={null}
            className="MuiTableCell-root MuiTableCell-body"
            style={
              Object {
                "minWidth": 150,
              }
            }
          >
            mn-b
          </td>
          <td
            aria-sort={null}
            className="MuiTableCell-root MuiTableCell-body"
            style={
              Object {
                "minWidth": 50,
              }
            }
          >
            765$
          </td>
          <td
            aria-sort={null}
            className="MuiTableCell-root MuiTableCell-body"
            style={
              Object {
                "minWidth": 100,
              }
            }
          >
            cl-b
          </td>
          <td
            aria-sort={null}
            className="MuiTableCell-root MuiTableCell-body"
            style={
              Object {
                "minWidth": 50,
              }
            }
          >
            av-b
          </td>
        </tr>
        <tr
          className="MuiTableRow-root MuiTableRow-hover"
          role="checkbox"
          tabIndex={-1}
        >
          <td
            aria-sort={null}
            className="MuiTableCell-root MuiTableCell-body"
            style={
              Object {
                "minWidth": 150,
              }
            }
          >
            2
          </td>
          <td
            aria-sort={null}
            className="MuiTableCell-root MuiTableCell-body"
            style={
              Object {
                "minWidth": 200,
              }
            }
          >
            nm-c
          </td>
          <td
            aria-sort={null}
            className="MuiTableCell-root MuiTableCell-body"
            style={
              Object {
                "minWidth": 150,
              }
            }
          >
            mn-c
          </td>
          <td
            aria-sort={null}
            className="MuiTableCell-root MuiTableCell-body"
            style={
              Object {
                "minWidth": 50,
              }
            }
          >
            768$
          </td>
          <td
            aria-sort={null}
            className="MuiTableCell-root MuiTableCell-body"
            style={
              Object {
                "minWidth": 100,
              }
            }
          >
            cl-c
          </td>
          <td
            aria-sort={null}
            className="MuiTableCell-root MuiTableCell-body"
            style={
              Object {
                "minWidth": 50,
              }
            }
          >
            av-c
          </td>
        </tr>
        <tr
          className="MuiTableRow-root MuiTableRow-hover"
          role="checkbox"
          tabIndex={-1}
        >
          <td
            aria-sort={null}
            className="MuiTableCell-root MuiTableCell-body"
            style={
              Object {
                "minWidth": 150,
              }
            }
          >
            3
          </td>
          <td
            aria-sort={null}
            className="MuiTableCell-root MuiTableCell-body"
            style={
              Object {
                "minWidth": 200,
              }
            }
          >
            nm-d
          </td>
          <td
            aria-sort={null}
            className="MuiTableCell-root MuiTableCell-body"
            style={
              Object {
                "minWidth": 150,
              }
            }
          >
            mn-d
          </td>
          <td
            aria-sort={null}
            className="MuiTableCell-root MuiTableCell-body"
            style={
              Object {
                "minWidth": 50,
              }
            }
          >
            771$
          </td>
          <td
            aria-sort={null}
            className="MuiTableCell-root MuiTableCell-body"
            style={
              Object {
                "minWidth": 100,
              }
            }
          >
            cl-d
          </td>
          <td
            aria-sort={null}
            className="MuiTableCell-root MuiTableCell-body"
            style={
              Object {
                "minWidth": 50,
              }
            }
          >
            av-d
          </td>
        </tr>
      </tbody>
    </table>
  </div>
  <div
    className="MuiTablePagination-root"
  >
    <div
      className="MuiToolbar-root MuiToolbar-regular MuiTablePagination-toolbar MuiToolbar-gutters"
    >
      <div
        className="MuiTablePagination-spacer"
      />
      <p
        className="MuiTypography-root MuiTablePagination-caption MuiTypography-body2 MuiTypography-colorInherit"
      >
        Rows per page:
      </p>
      <div
        className="MuiInputBase-root MuiTablePagination-input MuiTablePagination-selectRoot"
        onClick={[Function]}
      >
        <div
          aria-haspopup="listbox"
          className="MuiSelect-root MuiSelect-select MuiTablePagination-select MuiSelect-selectMenu MuiInputBase-input"
          onBlur={[Function]}
          onFocus={[Function]}
          onKeyDown={[Function]}
          onMouseDown={[Function]}
          role="button"
          tabIndex={0}
        >
          10
        </div>
        <input
          aria-hidden={true}
          className="MuiSelect-nativeInput"
          onAnimationStart={[Function]}
          onChange={[Function]}
          tabIndex={-1}
          value={10}
        />
        <svg
          aria-hidden={true}
          className="MuiSvgIcon-root MuiSelect-icon MuiTablePagination-selectIcon"
          focusable="false"
          viewBox="0 0 24 24"
        >
          <path
            d="M7 10l5 5 5-5z"
          />
        </svg>
      </div>
      <p
        className="MuiTypography-root MuiTablePagination-caption MuiTypography-body2 MuiTypography-colorInherit"
      >
        1-4 of 4
      </p>
      <div
        className="MuiTablePagination-actions"
      >
        <button
          aria-label="Previous page"
          className="MuiButtonBase-root MuiIconButton-root MuiIconButton-colorInherit Mui-disabled Mui-disabled"
          disabled={true}
          onBlur={[Function]}
          onClick={[Function]}
          onDragLeave={[Function]}
          onFocus={[Function]}
          onKeyDown={[Function]}
          onKeyUp={[Function]}
          onMouseDown={[Function]}
          onMouseLeave={[Function]}
          onMouseUp={[Function]}
          onTouchEnd={[Function]}
          onTouchMove={[Function]}
          onTouchStart={[Function]}
          tabIndex={-1}
          title="Previous page"
          type="button"
        >
          <span
            className="MuiIconButton-label"
          >
            <svg
              aria-hidden={true}
              className="MuiSvgIcon-root"
              focusable="false"
              viewBox="0 0 24 24"
            >
              <path
                d="M15.41 16.09l-4.58-4.59 4.58-4.59L14 5.5l-6 6 6 6z"
              />
            </svg>
          </span>
        </button>
        <button
          aria-label="Next page"
          className="MuiButtonBase-root MuiIconButton-root MuiIconButton-colorInherit Mui-disabled Mui-disabled"
          disabled={true}
          onBlur={[Function]}
          onClick={[Function]}
          onDragLeave={[Function]}
          onFocus={[Function]}
          onKeyDown={[Function]}
          onKeyUp={[Function]}
          onMouseDown={[Function]}
          onMouseLeave={[Function]}
          onMouseUp={[Function]}
          onTouchEnd={[Function]}
          onTouchMove={[Function]}
          onTouchStart={[Function]}
          tabIndex={-1}
          title="Next page"
          type="button"
        >
          <span
            className="MuiIconButton-label"
          >
            <svg
              aria-hidden={true}
              className="MuiSvgIcon-root"
              focusable="false"
              viewBox="0 0 24 24"
            >
              <path
                d="M8.59 16.34l4.58-4.59-4.58-4.59L10 5.75l6 6-6 6z"
              />
            </svg>
          </span>
        </button>
      </div>
    </div>
  </div>
</div>
`;
